/app_name/0: My Node App
/license_key: license-key-val-node
/logging: {
/logging.*level: info
/logging.filepath: temp.log
